Component: ARM Compiler 5.06 update 5 (build 528) Tool: armlink [4d35e2]

==============================================================================

Image Symbol Table

    Local Symbols

    Symbol Name                              Value     Ov Type        Size  Object(Section)

    NUC_INIT                                 0x00000000   Section      176  startup_nuc970.o(NUC_INIT)
    ../clib/angel/boardlib.s                 0x00000000   Number         0  boardshut.o ABSOLUTE
    ../clib/angel/boardlib.s                 0x00000000   Number         0  boardinit1.o ABSOLUTE
    ../clib/angel/boardlib.s                 0x00000000   Number         0  boardinit2.o ABSOLUTE
    ../clib/angel/boardlib.s                 0x00000000   Number         0  boardinit3.o ABSOLUTE
    ../clib/angel/kernel.s                   0x00000000   Number         0  __rtentry4.o ABSOLUTE
    ../clib/angel/kernel.s                   0x00000000   Number         0  __rtentry.o ABSOLUTE
    ../clib/angel/kernel.s                   0x00000000   Number         0  __rtentry2.o ABSOLUTE
    ../clib/angel/kernel.s                   0x00000000   Number         0  rtexit.o ABSOLUTE
    ../clib/angel/kernel.s                   0x00000000   Number         0  rtexit2.o ABSOLUTE
    ../clib/angel/rt.s                       0x00000000   Number         0  aeabi_idiv0.o ABSOLUTE
    ../clib/angel/rt.s                       0x00000000   Number         0  rt_div0.o ABSOLUTE
    ../clib/angel/rt.s                       0x00000000   Number         0  aeabi_idiv0_sigfpe.o ABSOLUTE
    ../clib/angel/rt.s                       0x00000000   Number         0  rt_raise.o ABSOLUTE
    ../clib/angel/startup.s                  0x00000000   Number         0  __main.o ABSOLUTE
    ../clib/angel/sys.s                      0x00000000   Number         0  indicate_semi.o ABSOLUTE
    ../clib/angel/sys.s                      0x00000000   Number         0  use_no_semi.o ABSOLUTE
    ../clib/angel/sysapp.c                   0x00000000   Number         0  sys_command.o ABSOLUTE
    ../clib/armsys.c                         0x00000000   Number         0  argv_veneer.o ABSOLUTE
    ../clib/armsys.c                         0x00000000   Number         0  _get_argv_nomalloc.o ABSOLUTE
    ../clib/armsys.c                         0x00000000   Number         0  no_argv.o ABSOLUTE
    ../clib/armsys.c                         0x00000000   Number         0  argv_veneer.o ABSOLUTE
    ../clib/division.s                       0x00000000   Number         0  aeabi_sdiv.o ABSOLUTE
    ../clib/division.s                       0x00000000   Number         0  aeabi_sdiv_div0.o ABSOLUTE
    ../clib/divrt.s                          0x00000000   Number         0  divrt_9e_div0.o ABSOLUTE
    ../clib/divrt.s                          0x00000000   Number         0  divrt_9e.o ABSOLUTE
    ../clib/heapalloc.c                      0x00000000   Number         0  hrguard.o ABSOLUTE
    ../clib/libinit.s                        0x00000000   Number         0  libshutdown.o ABSOLUTE
    ../clib/libinit.s                        0x00000000   Number         0  libinit.o ABSOLUTE
    ../clib/libinit.s                        0x00000000   Number         0  libinit2.o ABSOLUTE
    ../clib/libinit.s                        0x00000000   Number         0  libshutdown2.o ABSOLUTE
    ../clib/signal.c                         0x00000000   Number         0  defsig_fpe_formal.o ABSOLUTE
    ../clib/signal.c                         0x00000000   Number         0  defsig_other.o ABSOLUTE
    ../clib/signal.c                         0x00000000   Number         0  defsig_segv_inner.o ABSOLUTE
    ../clib/signal.c                         0x00000000   Number         0  defsig_cppl_inner.o ABSOLUTE
    ../clib/signal.c                         0x00000000   Number         0  defsig_pvfn_inner.o ABSOLUTE
    ../clib/signal.c                         0x00000000   Number         0  defsig_rtmem_formal.o ABSOLUTE
    ../clib/signal.c                         0x00000000   Number         0  defsig_rtmem_outer.o ABSOLUTE
    ../clib/signal.c                         0x00000000   Number         0  defsig_general.o ABSOLUTE
    ../clib/signal.c                         0x00000000   Number         0  defsig_rtmem_inner.o ABSOLUTE
    ../clib/signal.c                         0x00000000   Number         0  defsig_exit.o ABSOLUTE
    ../clib/signal.c                         0x00000000   Number         0  defsig_fpe_inner.o ABSOLUTE
    ../clib/signal.c                         0x00000000   Number         0  defsig_rtred_inner.o ABSOLUTE
    ../clib/signal.c                         0x00000000   Number         0  __raise.o ABSOLUTE
    ../clib/signal.c                         0x00000000   Number         0  defsig_abrt_inner.o ABSOLUTE
    ../clib/signal.c                         0x00000000   Number         0  defsig_stak_inner.o ABSOLUTE
    ../clib/signal.c                         0x00000000   Number         0  defsig_fpe_outer.o ABSOLUTE
    ../clib/signal.s                         0x00000000   Number         0  defsig.o ABSOLUTE
    ../clib/stdlib.c                         0x00000000   Number         0  exit.o ABSOLUTE
    ../clib/string.c                         0x00000000   Number         0  strlen.o ABSOLUTE
    ../fplib/fpinit.s                        0x00000000   Number         0  fpinit.o ABSOLUTE
    ..\..\Driver\Source\standalone.c         0x00000000   Number         0  standalone.o ABSOLUTE
    ..\..\Driver\Source\startup_NUC970.s     0x00000000   Number         0  startup_nuc970.o ABSOLUTE
    ..\..\Driver\Source\sys.c                0x00000000   Number         0  sys.o ABSOLUTE
    ..\..\Driver\Source\sys_nuc970.s         0x00000000   Number         0  sys_nuc970.o ABSOLUTE
    ..\..\Driver\Source\sys_timer.c          0x00000000   Number         0  sys_timer.o ABSOLUTE
    ..\..\Driver\Source\sys_uart.c           0x00000000   Number         0  sys_uart.o ABSOLUTE
    ..\..\Driver\Source\system_nuc970.c      0x00000000   Number         0  system_nuc970.o ABSOLUTE
    dc.s                                     0x00000000   Number         0  dc.o ABSOLUTE
    main.c                                   0x00000000   Number         0  main.o ABSOLUTE
    Undefined_Handler                        0x00000040   ARM Code       0  startup_nuc970.o(NUC_INIT)
    SWI_Handler1                             0x00000044   ARM Code       0  startup_nuc970.o(NUC_INIT)
    Prefetch_Handler                         0x00000048   ARM Code       0  startup_nuc970.o(NUC_INIT)
    Abort_Handler                            0x0000004c   ARM Code       0  startup_nuc970.o(NUC_INIT)
    IRQ_Handler                              0x00000050   ARM Code       0  startup_nuc970.o(NUC_INIT)
    FIQ_Handler                              0x00000054   ARM Code       0  startup_nuc970.o(NUC_INIT)
    !!!main                                  0x000000b0   Section        8  __main.o(!!!main)
    .ARM.Collect$$libinit$$00000000          0x000000b8   Section        2  libinit.o(.ARM.Collect$$libinit$$00000000)
    .ARM.Collect$$libinit$$00000002          0x000000ba   Section        0  libinit2.o(.ARM.Collect$$libinit$$00000002)
    .ARM.Collect$$libinit$$00000004          0x000000ba   Section        0  libinit2.o(.ARM.Collect$$libinit$$00000004)
    .ARM.Collect$$libinit$$0000000A          0x000000ba   Section        0  libinit2.o(.ARM.Collect$$libinit$$0000000A)
    .ARM.Collect$$libinit$$0000000C          0x000000ba   Section        0  libinit2.o(.ARM.Collect$$libinit$$0000000C)
    .ARM.Collect$$libinit$$0000000E          0x000000ba   Section        0  libinit2.o(.ARM.Collect$$libinit$$0000000E)
    .ARM.Collect$$libinit$$00000011          0x000000ba   Section        0  libinit2.o(.ARM.Collect$$libinit$$00000011)
    .ARM.Collect$$libinit$$00000013          0x000000ba   Section        0  libinit2.o(.ARM.Collect$$libinit$$00000013)
    .ARM.Collect$$libinit$$00000015          0x000000ba   Section        0  libinit2.o(.ARM.Collect$$libinit$$00000015)
    .ARM.Collect$$libinit$$00000017          0x000000ba   Section        0  libinit2.o(.ARM.Collect$$libinit$$00000017)
    .ARM.Collect$$libinit$$00000019          0x000000ba   Section        0  libinit2.o(.ARM.Collect$$libinit$$00000019)
    .ARM.Collect$$libinit$$0000001B          0x000000ba   Section        0  libinit2.o(.ARM.Collect$$libinit$$0000001B)
    .ARM.Collect$$libinit$$0000001D          0x000000ba   Section        0  libinit2.o(.ARM.Collect$$libinit$$0000001D)
    .ARM.Collect$$libinit$$0000001F          0x000000ba   Section        0  libinit2.o(.ARM.Collect$$libinit$$0000001F)
    .ARM.Collect$$libinit$$00000021          0x000000ba   Section        0  libinit2.o(.ARM.Collect$$libinit$$00000021)
    .ARM.Collect$$libinit$$00000023          0x000000ba   Section        0  libinit2.o(.ARM.Collect$$libinit$$00000023)
    .ARM.Collect$$libinit$$00000025          0x000000ba   Section        0  libinit2.o(.ARM.Collect$$libinit$$00000025)
    .ARM.Collect$$libinit$$0000002C          0x000000ba   Section        0  libinit2.o(.ARM.Collect$$libinit$$0000002C)
    .ARM.Collect$$libinit$$0000002E          0x000000ba   Section        0  libinit2.o(.ARM.Collect$$libinit$$0000002E)
    .ARM.Collect$$libinit$$00000030          0x000000ba   Section        0  libinit2.o(.ARM.Collect$$libinit$$00000030)
    .ARM.Collect$$libinit$$00000032          0x000000ba   Section        0  libinit2.o(.ARM.Collect$$libinit$$00000032)
    .ARM.Collect$$libinit$$00000033          0x000000ba   Section        2  libinit2.o(.ARM.Collect$$libinit$$00000033)
    .ARM.Collect$$libshutdown$$00000000      0x000000bc   Section        2  libshutdown.o(.ARM.Collect$$libshutdown$$00000000)
    .ARM.Collect$$libshutdown$$00000002      0x000000be   Section        0  libshutdown2.o(.ARM.Collect$$libshutdown$$00000002)
    .ARM.Collect$$libshutdown$$00000004      0x000000be   Section        0  libshutdown2.o(.ARM.Collect$$libshutdown$$00000004)
    .ARM.Collect$$libshutdown$$00000007      0x000000be   Section        0  libshutdown2.o(.ARM.Collect$$libshutdown$$00000007)
    .ARM.Collect$$libshutdown$$0000000A      0x000000be   Section        0  libshutdown2.o(.ARM.Collect$$libshutdown$$0000000A)
    .ARM.Collect$$libshutdown$$0000000C      0x000000be   Section        0  libshutdown2.o(.ARM.Collect$$libshutdown$$0000000C)
    .ARM.Collect$$libshutdown$$0000000F      0x000000be   Section        0  libshutdown2.o(.ARM.Collect$$libshutdown$$0000000F)
    .ARM.Collect$$libshutdown$$00000010      0x000000be   Section        2  libshutdown2.o(.ARM.Collect$$libshutdown$$00000010)
    .ARM.Collect$$rtentry$$00000000          0x000000c0   Section        0  __rtentry.o(.ARM.Collect$$rtentry$$00000000)
    .ARM.Collect$$rtentry$$00000002          0x000000c0   Section        0  __rtentry2.o(.ARM.Collect$$rtentry$$00000002)
    .ARM.Collect$$rtentry$$00000004          0x000000c0   Section        8  __rtentry4.o(.ARM.Collect$$rtentry$$00000004)
    .ARM.Collect$$rtentry$$00000009          0x000000c8   Section        0  __rtentry2.o(.ARM.Collect$$rtentry$$00000009)
    .ARM.Collect$$rtentry$$0000000A          0x000000c8   Section        4  __rtentry2.o(.ARM.Collect$$rtentry$$0000000A)
    .ARM.Collect$$rtentry$$0000000C          0x000000cc   Section        0  __rtentry2.o(.ARM.Collect$$rtentry$$0000000C)
    .ARM.Collect$$rtentry$$0000000D          0x000000cc   Section       40  __rtentry2.o(.ARM.Collect$$rtentry$$0000000D)
    .ARM.Collect$$rtexit$$00000000           0x000000f4   Section        4  rtexit.o(.ARM.Collect$$rtexit$$00000000)
    .ARM.Collect$$rtexit$$00000002           0x000000f8   Section        0  rtexit2.o(.ARM.Collect$$rtexit$$00000002)
    .ARM.Collect$$rtexit$$00000003           0x000000f8   Section        4  rtexit2.o(.ARM.Collect$$rtexit$$00000003)
    .ARM.Collect$$rtexit$$00000004           0x000000fc   Section        8  rtexit2.o(.ARM.Collect$$rtexit$$00000004)
    .text                                    0x00000104   Section        0  exit.o(.text)
    i.__user_setup_stackheap                 0x00000114   Section        0  standalone.o(i.__user_setup_stackheap)
    i._sys_exit                              0x00000120   Section        0  standalone.o(i._sys_exit)
    i.main                                   0x00000124   Section        0  main.o(i.main)

    Global Symbols

    Symbol Name                              Value     Ov Type        Size  Object(Section)

    BuildAttributes$$THM_ISAv2$ARM_ISAv5$E$P$J$S$PE$A:L22$X:L11$S22$IEEE1$IW$USESV6$~STKCKD$USESV7$~SHL$OSPACE$ROPI$EBA8$UX$STANDARDLIB$REQ8$EABIv2 0x00000000   Number         0  anon$$obj.o ABSOLUTE
    Vector_Table                             0x00000000   ARM Code       0  startup_nuc970.o(NUC_INIT)
    __ARM_use_no_argv                        0x00000000   Number         0  main.o ABSOLUTE
    __ARM_exceptions_init                     - Undefined Weak Reference
    __alloca_initialize                       - Undefined Weak Reference
    __arm_preinit_                            - Undefined Weak Reference
    __cpp_initialize__aeabi_                  - Undefined Weak Reference
    __cxa_finalize                            - Undefined Weak Reference
    __rt_locale                               - Undefined Weak Reference
    __scatterload                             - Undefined Weak Reference
    __sigvec_lookup                           - Undefined Weak Reference
    _atexit_init                              - Undefined Weak Reference
    _call_atexit_fns                          - Undefined Weak Reference
    _clock_init                               - Undefined Weak Reference
    _fp_trap_init                             - Undefined Weak Reference
    _fp_trap_shutdown                         - Undefined Weak Reference
    _get_lc_collate                           - Undefined Weak Reference
    _get_lc_ctype                             - Undefined Weak Reference
    _get_lc_monetary                          - Undefined Weak Reference
    _get_lc_numeric                           - Undefined Weak Reference
    _get_lc_time                              - Undefined Weak Reference
    _getenv_init                              - Undefined Weak Reference
    _handle_redirection                       - Undefined Weak Reference
    _init_alloc                               - Undefined Weak Reference
    _init_user_alloc                          - Undefined Weak Reference
    _initio                                   - Undefined Weak Reference
    _rand_init                                - Undefined Weak Reference
    _signal_finish                            - Undefined Weak Reference
    _signal_init                              - Undefined Weak Reference
    _terminate_alloc                          - Undefined Weak Reference
    _terminate_user_alloc                     - Undefined Weak Reference
    _terminateio                              - Undefined Weak Reference
    Reset_Go                                 0x00000058   ARM Code       0  startup_nuc970.o(NUC_INIT)
    __main                                   0x000000b0   ARM Code       8  __main.o(!!!main)
    __rt_lib_init                            0x000000b9   Thumb Code     0  libinit.o(.ARM.Collect$$libinit$$00000000)
    __rt_lib_init_alloca_1                   0x000000bb   Thumb Code     0  libinit2.o(.ARM.Collect$$libinit$$0000002E)
    __rt_lib_init_argv_1                     0x000000bb   Thumb Code     0  libinit2.o(.ARM.Collect$$libinit$$0000002C)
    __rt_lib_init_atexit_1                   0x000000bb   Thumb Code     0  libinit2.o(.ARM.Collect$$libinit$$0000001B)
    __rt_lib_init_clock_1                    0x000000bb   Thumb Code     0  libinit2.o(.ARM.Collect$$libinit$$00000021)
    __rt_lib_init_cpp_1                      0x000000bb   Thumb Code     0  libinit2.o(.ARM.Collect$$libinit$$00000032)
    __rt_lib_init_exceptions_1               0x000000bb   Thumb Code     0  libinit2.o(.ARM.Collect$$libinit$$00000030)
    __rt_lib_init_fp_1                       0x000000bb   Thumb Code     0  libinit2.o(.ARM.Collect$$libinit$$00000002)
    __rt_lib_init_fp_trap_1                  0x000000bb   Thumb Code     0  libinit2.o(.ARM.Collect$$libinit$$0000001F)
    __rt_lib_init_getenv_1                   0x000000bb   Thumb Code     0  libinit2.o(.ARM.Collect$$libinit$$00000023)
    __rt_lib_init_heap_1                     0x000000bb   Thumb Code     0  libinit2.o(.ARM.Collect$$libinit$$0000000A)
    __rt_lib_init_lc_collate_1               0x000000bb   Thumb Code     0  libinit2.o(.ARM.Collect$$libinit$$00000011)
    __rt_lib_init_lc_ctype_1                 0x000000bb   Thumb Code     0  libinit2.o(.ARM.Collect$$libinit$$00000013)
    __rt_lib_init_lc_monetary_1              0x000000bb   Thumb Code     0  libinit2.o(.ARM.Collect$$libinit$$00000015)
    __rt_lib_init_lc_numeric_1               0x000000bb   Thumb Code     0  libinit2.o(.ARM.Collect$$libinit$$00000017)
    __rt_lib_init_lc_time_1                  0x000000bb   Thumb Code     0  libinit2.o(.ARM.Collect$$libinit$$00000019)
    __rt_lib_init_preinit_1                  0x000000bb   Thumb Code     0  libinit2.o(.ARM.Collect$$libinit$$00000004)
    __rt_lib_init_rand_1                     0x000000bb   Thumb Code     0  libinit2.o(.ARM.Collect$$libinit$$0000000E)
    __rt_lib_init_return                     0x000000bb   Thumb Code     0  libinit2.o(.ARM.Collect$$libinit$$00000033)
    __rt_lib_init_signal_1                   0x000000bb   Thumb Code     0  libinit2.o(.ARM.Collect$$libinit$$0000001D)
    __rt_lib_init_stdio_1                    0x000000bb   Thumb Code     0  libinit2.o(.ARM.Collect$$libinit$$00000025)
    __rt_lib_init_user_alloc_1               0x000000bb   Thumb Code     0  libinit2.o(.ARM.Collect$$libinit$$0000000C)
    __rt_lib_shutdown                        0x000000bd   Thumb Code     0  libshutdown.o(.ARM.Collect$$libshutdown$$00000000)
    __rt_lib_shutdown_cpp_1                  0x000000bf   Thumb Code     0  libshutdown2.o(.ARM.Collect$$libshutdown$$00000002)
    __rt_lib_shutdown_fp_trap_1              0x000000bf   Thumb Code     0  libshutdown2.o(.ARM.Collect$$libshutdown$$00000007)
    __rt_lib_shutdown_heap_1                 0x000000bf   Thumb Code     0  libshutdown2.o(.ARM.Collect$$libshutdown$$0000000F)
    __rt_lib_shutdown_return                 0x000000bf   Thumb Code     0  libshutdown2.o(.ARM.Collect$$libshutdown$$00000010)
    __rt_lib_shutdown_signal_1               0x000000bf   Thumb Code     0  libshutdown2.o(.ARM.Collect$$libshutdown$$0000000A)
    __rt_lib_shutdown_stdio_1                0x000000bf   Thumb Code     0  libshutdown2.o(.ARM.Collect$$libshutdown$$00000004)
    __rt_lib_shutdown_user_alloc_1           0x000000bf   Thumb Code     0  libshutdown2.o(.ARM.Collect$$libshutdown$$0000000C)
    __rt_entry                               0x000000c0   ARM Code       0  __rtentry.o(.ARM.Collect$$rtentry$$00000000)
    __rt_entry_presh_1                       0x000000c0   ARM Code       0  __rtentry2.o(.ARM.Collect$$rtentry$$00000002)
    __rt_entry_sh                            0x000000c0   ARM Code       0  __rtentry4.o(.ARM.Collect$$rtentry$$00000004)
    __rt_entry_li                            0x000000c8   ARM Code       0  __rtentry2.o(.ARM.Collect$$rtentry$$0000000A)
    __rt_entry_postsh_1                      0x000000c8   ARM Code       0  __rtentry2.o(.ARM.Collect$$rtentry$$00000009)
    __rt_entry_main                          0x000000cc   ARM Code       0  __rtentry2.o(.ARM.Collect$$rtentry$$0000000D)
    __rt_entry_postli_1                      0x000000cc   ARM Code       0  __rtentry2.o(.ARM.Collect$$rtentry$$0000000C)
    __rt_exit                                0x000000f4   ARM Code       0  rtexit.o(.ARM.Collect$$rtexit$$00000000)
    __rt_exit_ls                             0x000000f8   ARM Code       0  rtexit2.o(.ARM.Collect$$rtexit$$00000003)
    __rt_exit_prels_1                        0x000000f8   ARM Code       0  rtexit2.o(.ARM.Collect$$rtexit$$00000002)
    __rt_exit_exit                           0x000000fc   ARM Code       0  rtexit2.o(.ARM.Collect$$rtexit$$00000004)
    exit                                     0x00000105   Thumb Code    16  exit.o(.text)
    __user_setup_stackheap                   0x00000114   ARM Code       8  standalone.o(i.__user_setup_stackheap)
    _sys_exit                                0x00000120   ARM Code       4  standalone.o(i._sys_exit)
    main                                     0x00000124   ARM Code       4  main.o(i.main)
    Image$$RW_RAM1$$ZI$$Limit                0x00000128   Number         0  anon$$obj.o ABSOLUTE



==============================================================================

Memory Map of the image

  Image Entry point : 0x00000000

  Load Region LR_IROM1 (Base: 0x00000000, Size: 0x00000128, Max: 0x00800000, ABSOLUTE)

    Execution Region ER_IROM1 (Exec base: 0x00000000, Load base: 0x00000000, Size: 0x00000128, Max: 0x00800000, ABSOLUTE)

    Exec Addr    Load Addr    Size         Type   Attr      Idx    E Section Name        Object

    0x00000000   0x00000000   0x000000b0   Code   RO          260  * NUC_INIT            startup_nuc970.o
    0x000000b0   0x000000b0   0x00000008   Code   RO          515  * !!!main             c_5.l(__main.o)
    0x000000b8   0x000000b8   0x00000002   Code   RO          550    .ARM.Collect$$libinit$$00000000  c_5.l(libinit.o)
    0x000000ba   0x000000ba   0x00000000   Code   RO          560    .ARM.Collect$$libinit$$00000002  c_5.l(libinit2.o)
    0x000000ba   0x000000ba   0x00000000   Code   RO          562    .ARM.Collect$$libinit$$00000004  c_5.l(libinit2.o)
    0x000000ba   0x000000ba   0x00000000   Code   RO          565    .ARM.Collect$$libinit$$0000000A  c_5.l(libinit2.o)
    0x000000ba   0x000000ba   0x00000000   Code   RO          567    .ARM.Collect$$libinit$$0000000C  c_5.l(libinit2.o)
    0x000000ba   0x000000ba   0x00000000   Code   RO          569    .ARM.Collect$$libinit$$0000000E  c_5.l(libinit2.o)
    0x000000ba   0x000000ba   0x00000000   Code   RO          572    .ARM.Collect$$libinit$$00000011  c_5.l(libinit2.o)
    0x000000ba   0x000000ba   0x00000000   Code   RO          574    .ARM.Collect$$libinit$$00000013  c_5.l(libinit2.o)
    0x000000ba   0x000000ba   0x00000000   Code   RO          576    .ARM.Collect$$libinit$$00000015  c_5.l(libinit2.o)
    0x000000ba   0x000000ba   0x00000000   Code   RO          578    .ARM.Collect$$libinit$$00000017  c_5.l(libinit2.o)
    0x000000ba   0x000000ba   0x00000000   Code   RO          580    .ARM.Collect$$libinit$$00000019  c_5.l(libinit2.o)
    0x000000ba   0x000000ba   0x00000000   Code   RO          582    .ARM.Collect$$libinit$$0000001B  c_5.l(libinit2.o)
    0x000000ba   0x000000ba   0x00000000   Code   RO          584    .ARM.Collect$$libinit$$0000001D  c_5.l(libinit2.o)
    0x000000ba   0x000000ba   0x00000000   Code   RO          586    .ARM.Collect$$libinit$$0000001F  c_5.l(libinit2.o)
    0x000000ba   0x000000ba   0x00000000   Code   RO          588    .ARM.Collect$$libinit$$00000021  c_5.l(libinit2.o)
    0x000000ba   0x000000ba   0x00000000   Code   RO          590    .ARM.Collect$$libinit$$00000023  c_5.l(libinit2.o)
    0x000000ba   0x000000ba   0x00000000   Code   RO          592    .ARM.Collect$$libinit$$00000025  c_5.l(libinit2.o)
    0x000000ba   0x000000ba   0x00000000   Code   RO          596    .ARM.Collect$$libinit$$0000002C  c_5.l(libinit2.o)
    0x000000ba   0x000000ba   0x00000000   Code   RO          598    .ARM.Collect$$libinit$$0000002E  c_5.l(libinit2.o)
    0x000000ba   0x000000ba   0x00000000   Code   RO          600    .ARM.Collect$$libinit$$00000030  c_5.l(libinit2.o)
    0x000000ba   0x000000ba   0x00000000   Code   RO          602    .ARM.Collect$$libinit$$00000032  c_5.l(libinit2.o)
    0x000000ba   0x000000ba   0x00000002   Code   RO          603    .ARM.Collect$$libinit$$00000033  c_5.l(libinit2.o)
    0x000000bc   0x000000bc   0x00000002   Code   RO          627    .ARM.Collect$$libshutdown$$00000000  c_5.l(libshutdown.o)
    0x000000be   0x000000be   0x00000000   Code   RO          653    .ARM.Collect$$libshutdown$$00000002  c_5.l(libshutdown2.o)
    0x000000be   0x000000be   0x00000000   Code   RO          655    .ARM.Collect$$libshutdown$$00000004  c_5.l(libshutdown2.o)
    0x000000be   0x000000be   0x00000000   Code   RO          658    .ARM.Collect$$libshutdown$$00000007  c_5.l(libshutdown2.o)
    0x000000be   0x000000be   0x00000000   Code   RO          661    .ARM.Collect$$libshutdown$$0000000A  c_5.l(libshutdown2.o)
    0x000000be   0x000000be   0x00000000   Code   RO          663    .ARM.Collect$$libshutdown$$0000000C  c_5.l(libshutdown2.o)
    0x000000be   0x000000be   0x00000000   Code   RO          666    .ARM.Collect$$libshutdown$$0000000F  c_5.l(libshutdown2.o)
    0x000000be   0x000000be   0x00000002   Code   RO          667    .ARM.Collect$$libshutdown$$00000010  c_5.l(libshutdown2.o)
    0x000000c0   0x000000c0   0x00000000   Code   RO          517    .ARM.Collect$$rtentry$$00000000  c_5.l(__rtentry.o)
    0x000000c0   0x000000c0   0x00000000   Code   RO          523    .ARM.Collect$$rtentry$$00000002  c_5.l(__rtentry2.o)
    0x000000c0   0x000000c0   0x00000008   Code   RO          535    .ARM.Collect$$rtentry$$00000004  c_5.l(__rtentry4.o)
    0x000000c8   0x000000c8   0x00000000   Code   RO          525    .ARM.Collect$$rtentry$$00000009  c_5.l(__rtentry2.o)
    0x000000c8   0x000000c8   0x00000004   Code   RO          526    .ARM.Collect$$rtentry$$0000000A  c_5.l(__rtentry2.o)
    0x000000cc   0x000000cc   0x00000000   Code   RO          528    .ARM.Collect$$rtentry$$0000000C  c_5.l(__rtentry2.o)
    0x000000cc   0x000000cc   0x00000028   Code   RO          529    .ARM.Collect$$rtentry$$0000000D  c_5.l(__rtentry2.o)
    0x000000f4   0x000000f4   0x00000004   Code   RO          551    .ARM.Collect$$rtexit$$00000000  c_5.l(rtexit.o)
    0x000000f8   0x000000f8   0x00000000   Code   RO          605    .ARM.Collect$$rtexit$$00000002  c_5.l(rtexit2.o)
    0x000000f8   0x000000f8   0x00000004   Code   RO          606    .ARM.Collect$$rtexit$$00000003  c_5.l(rtexit2.o)
    0x000000fc   0x000000fc   0x00000008   Code   RO          607    .ARM.Collect$$rtexit$$00000004  c_5.l(rtexit2.o)
    0x00000104   0x00000104   0x00000010   Code   RO          539    .text               c_5.l(exit.o)
    0x00000114   0x00000114   0x0000000c   Code   RO           12    i.__user_setup_stackheap  standalone.o
    0x00000120   0x00000120   0x00000004   Code   RO           13    i._sys_exit         standalone.o
    0x00000124   0x00000124   0x00000004   Code   RO            1    i.main              main.o
    0x00000128   0x00000128   0x00000000   Data   RO          671    Region$$Table       anon$$obj.o


    Execution Region RW_RAM1 (Exec base: 0x00000128, Load base: 0x00000128, Size: 0x00000000, Max: 0xffffffff, ABSOLUTE)

    **** No section assigned to this execution region ****


==============================================================================

Image component sizes


      Code (inc. data)   RO Data    RW Data    ZI Data      Debug   Object Name

         4          0          0          0          0       1867   main.o
        16          4          0          0          0       1557   standalone.o
       176         60          0          0          0        384   startup_nuc970.o

    ----------------------------------------------------------------------
       196         64          0          0          0       3808   Object Totals
         0          0          0          0          0          0   (incl. Generated)
         0          0          0          0          0          0   (incl. Padding)

    ----------------------------------------------------------------------

      Code (inc. data)   RO Data    RW Data    ZI Data      Debug   Library Member Name

         8          0          0          0          0         68   __main.o
         0          0          0          0          0          0   __rtentry.o
        44          4          0          0          0          0   __rtentry2.o
         8          0          0          0          0          0   __rtentry4.o
        16          0          0          0          0         68   exit.o
         2          0          0          0          0          0   libinit.o
         2          0          0          0          0          0   libinit2.o
         2          0          0          0          0          0   libshutdown.o
         2          0          0          0          0          0   libshutdown2.o
         4          0          0          0          0          0   rtexit.o
        12          0          0          0          0          0   rtexit2.o

    ----------------------------------------------------------------------
       100          4          0          0          0        136   Library Totals
         0          0          0          0          0          0   (incl. Padding)

    ----------------------------------------------------------------------

      Code (inc. data)   RO Data    RW Data    ZI Data      Debug   Library Name

       100          4          0          0          0        136   c_5.l

    ----------------------------------------------------------------------
       100          4          0          0          0        136   Library Totals

    ----------------------------------------------------------------------

==============================================================================


      Code (inc. data)   RO Data    RW Data    ZI Data      Debug   

       296         68          0          0          0       3944   Grand Totals
       296         68          0          0          0       3944   ELF Image Totals
       296         68          0          0          0          0   ROM Totals

==============================================================================

    Total RO  Size (Code + RO Data)                  296 (   0.29kB)
    Total RW  Size (RW Data + ZI Data)                 0 (   0.00kB)
    Total ROM Size (Code + RO Data + RW Data)        296 (   0.29kB)

==============================================================================

